=== Host: hpcc-gpu-5-2  Date: 2026-06-07T03:09:14Z ===
0, Quadro RTX 6000
1, Quadro RTX 6000
2, Quadro RTX 6000
3, Quadro RTX 6000
nvcc -O3 -arch=sm_75 --use_fast_math --generate-line-info -Xcompiler -Wall -std=c++17 -ccbin mpicxx -Isrc/common -c -o build/head_parallel.o src/mpi/head_parallel.cu
nvcc -arch=sm_75 -ccbin mpicxx -o build/attn_mpi_headpar build/head_parallel.o build/dense.o build/dense_fp16.o build/windowed.o build/windowed_fp16.o build/blocksparse.o build/blocksparse_fp16.o build/dispatch.o build/sparse_formats.o
nvcc -O3 -arch=sm_75 --use_fast_math --generate-line-info -Xcompiler -Wall -std=c++17 -ccbin mpicxx -Isrc/common -c -o build/seq_parallel.o src/mpi/seq_parallel.cu
nvcc -arch=sm_75 -ccbin mpicxx -o build/attn_mpi_seqpar build/seq_parallel.o build/dense.o build/dense_fp16.o build/windowed.o build/windowed_fp16.o build/blocksparse.o build/blocksparse_fp16.o build/dispatch.o build/sparse_formats.o

==========================================
=== Seq-par windowed @ d=128            ===
==========================================

------ seqpar  kernel=windowed  N=4096  ranks=1  d=128 ------
mpi=seqpar ranks=1 kernel=windowed N=4096 d=128 H=16 w=256 G=0 causal=0 overlap=0 ms_per_iter=24.8230

------ seqpar  kernel=windowed  N=8192  ranks=1  d=128 ------
mpi=seqpar ranks=1 kernel=windowed N=8192 d=128 H=16 w=256 G=0 causal=0 overlap=0 ms_per_iter=49.7952

------ seqpar  kernel=windowed  N=16384  ranks=1  d=128 ------
mpi=seqpar ranks=1 kernel=windowed N=16384 d=128 H=16 w=256 G=0 causal=0 overlap=0 ms_per_iter=99.7408

------ seqpar  kernel=windowed_fp16  N=4096  ranks=1  d=128 ------
mpi=seqpar ranks=1 kernel=windowed_fp16 N=4096 d=128 H=16 w=256 G=0 causal=0 overlap=0 ms_per_iter=5.9851

------ seqpar  kernel=windowed_fp16  N=8192  ranks=1  d=128 ------
mpi=seqpar ranks=1 kernel=windowed_fp16 N=8192 d=128 H=16 w=256 G=0 causal=0 overlap=0 ms_per_iter=11.9763

------ seqpar  kernel=windowed_fp16  N=16384  ranks=1  d=128 ------
mpi=seqpar ranks=1 kernel=windowed_fp16 N=16384 d=128 H=16 w=256 G=0 causal=0 overlap=0 ms_per_iter=23.8376

------ seqpar  kernel=windowed  N=4096  ranks=2  d=128 ------
mpi=seqpar ranks=2 kernel=windowed N=4096 d=128 H=16 w=256 G=0 causal=0 overlap=0 ms_per_iter=13.3336

------ seqpar  kernel=windowed  N=8192  ranks=2  d=128 ------
mpi=seqpar ranks=2 kernel=windowed N=8192 d=128 H=16 w=256 G=0 causal=0 overlap=0 ms_per_iter=26.0698

------ seqpar  kernel=windowed  N=16384  ranks=2  d=128 ------
mpi=seqpar ranks=2 kernel=windowed N=16384 d=128 H=16 w=256 G=0 causal=0 overlap=0 ms_per_iter=51.0851

------ seqpar  kernel=windowed_fp16  N=4096  ranks=2  d=128 ------
mpi=seqpar ranks=2 kernel=windowed_fp16 N=4096 d=128 H=16 w=256 G=0 causal=0 overlap=0 ms_per_iter=3.8748

------ seqpar  kernel=windowed_fp16  N=8192  ranks=2  d=128 ------
mpi=seqpar ranks=2 kernel=windowed_fp16 N=8192 d=128 H=16 w=256 G=0 causal=0 overlap=0 ms_per_iter=6.9005

------ seqpar  kernel=windowed_fp16  N=16384  ranks=2  d=128 ------
mpi=seqpar ranks=2 kernel=windowed_fp16 N=16384 d=128 H=16 w=256 G=0 causal=0 overlap=0 ms_per_iter=12.7785

------ seqpar  kernel=windowed  N=4096  ranks=4  d=128 ------
mpi=seqpar ranks=4 kernel=windowed N=4096 d=128 H=16 w=256 G=0 causal=0 overlap=0 ms_per_iter=7.1502

------ seqpar  kernel=windowed  N=8192  ranks=4  d=128 ------
mpi=seqpar ranks=4 kernel=windowed N=8192 d=128 H=16 w=256 G=0 causal=0 overlap=0 ms_per_iter=13.4040

------ seqpar  kernel=windowed  N=16384  ranks=4  d=128 ------
mpi=seqpar ranks=4 kernel=windowed N=16384 d=128 H=16 w=256 G=0 causal=0 overlap=0 ms_per_iter=26.0816

------ seqpar  kernel=windowed_fp16  N=4096  ranks=4  d=128 ------
mpi=seqpar ranks=4 kernel=windowed_fp16 N=4096 d=128 H=16 w=256 G=0 causal=0 overlap=0 ms_per_iter=2.4301

------ seqpar  kernel=windowed_fp16  N=8192  ranks=4  d=128 ------
mpi=seqpar ranks=4 kernel=windowed_fp16 N=8192 d=128 H=16 w=256 G=0 causal=0 overlap=0 ms_per_iter=3.9521

------ seqpar  kernel=windowed_fp16  N=16384  ranks=4  d=128 ------
mpi=seqpar ranks=4 kernel=windowed_fp16 N=16384 d=128 H=16 w=256 G=0 causal=0 overlap=0 ms_per_iter=6.8809

==========================================
=== Head-par block-sparse @ d=128       ===
==========================================

------ headpar  kernel=blocksparse  N=4096  ranks=1  d=128 ------
mpi=headpar ranks=1 kernel=blocksparse N=4096 d=128 H=16 w=128 G=0 causal=0 ms_per_iter=19.7558

------ headpar  kernel=blocksparse  N=8192  ranks=1  d=128 ------
mpi=headpar ranks=1 kernel=blocksparse N=8192 d=128 H=16 w=128 G=0 causal=0 ms_per_iter=75.9908

------ headpar  kernel=blocksparse_fp16  N=4096  ranks=1  d=128 ------
mpi=headpar ranks=1 kernel=blocksparse_fp16 N=4096 d=128 H=16 w=128 G=0 causal=0 ms_per_iter=5.9330

------ headpar  kernel=blocksparse_fp16  N=8192  ranks=1  d=128 ------
mpi=headpar ranks=1 kernel=blocksparse_fp16 N=8192 d=128 H=16 w=128 G=0 causal=0 ms_per_iter=22.3731

------ headpar  kernel=blocksparse  N=4096  ranks=2  d=128 ------
mpi=headpar ranks=2 kernel=blocksparse N=4096 d=128 H=16 w=128 G=0 causal=0 ms_per_iter=15.4256

------ headpar  kernel=blocksparse  N=8192  ranks=2  d=128 ------
mpi=headpar ranks=2 kernel=blocksparse N=8192 d=128 H=16 w=128 G=0 causal=0 ms_per_iter=49.3063

------ headpar  kernel=blocksparse_fp16  N=4096  ranks=2  d=128 ------
mpi=headpar ranks=2 kernel=blocksparse_fp16 N=4096 d=128 H=16 w=128 G=0 causal=0 ms_per_iter=8.3791

------ headpar  kernel=blocksparse_fp16  N=8192  ranks=2  d=128 ------
mpi=headpar ranks=2 kernel=blocksparse_fp16 N=8192 d=128 H=16 w=128 G=0 causal=0 ms_per_iter=22.0609

------ headpar  kernel=blocksparse  N=4096  ranks=4  d=128 ------
mpi=headpar ranks=4 kernel=blocksparse N=4096 d=128 H=16 w=128 G=0 causal=0 ms_per_iter=13.4429

------ headpar  kernel=blocksparse  N=8192  ranks=4  d=128 ------
mpi=headpar ranks=4 kernel=blocksparse N=8192 d=128 H=16 w=128 G=0 causal=0 ms_per_iter=36.1288

------ headpar  kernel=blocksparse_fp16  N=4096  ranks=4  d=128 ------
mpi=headpar ranks=4 kernel=blocksparse_fp16 N=4096 d=128 H=16 w=128 G=0 causal=0 ms_per_iter=9.7422

------ headpar  kernel=blocksparse_fp16  N=8192  ranks=4  d=128 ------
mpi=headpar ranks=4 kernel=blocksparse_fp16 N=8192 d=128 H=16 w=128 G=0 causal=0 ms_per_iter=21.9560

==========================================
=== Head-par dense @ d=128 (smoke)      ===
==========================================

------ headpar  kernel=dense  N=4096  ranks=1  d=128 ------
mpi=headpar ranks=1 kernel=dense N=4096 d=128 H=16 w=128 G=0 causal=0 ms_per_iter=188.0079

------ headpar  kernel=dense_fp16  N=4096  ranks=1  d=128 ------
mpi=headpar ranks=1 kernel=dense_fp16 N=4096 d=128 H=16 w=128 G=0 causal=0 ms_per_iter=49.8303

------ headpar  kernel=dense  N=4096  ranks=4  d=128 ------
mpi=headpar ranks=4 kernel=dense N=4096 d=128 H=16 w=128 G=0 causal=0 ms_per_iter=58.5504

------ headpar  kernel=dense_fp16  N=4096  ranks=4  d=128 ------
mpi=headpar ranks=4 kernel=dense_fp16 N=4096 d=128 H=16 w=128 G=0 causal=0 ms_per_iter=21.6685

Summary CSV: report/data/icme_mpi_d128_hpcc-gpu-5-2_91256.csv
=== Done ===
