=== Host: hpcc-gpu-5-1  Date: 2026-06-07T02:00:38Z ===
0, Quadro RTX 6000
1, Quadro RTX 6000
2, Quadro RTX 6000
3, Quadro RTX 6000

=== Locate compute-sanitizer ===
/home/cme213/software/nvidia-hpc-sdk/2024_24.1/Linux_x86_64/24.1/compilers/bin/compute-sanitizer
-rwxr-xr-x  1 darve cme213   1467 Jan 26  2024 .compute-sanitizerrc
-rwxr-xr-x  1 darve cme213 314616 Jan 26  2024 compute-sanitizer
/panfs/panfs-courses.localdomain/cme213/software/nvidia-hpc-sdk/2024_24.1/Linux_x86_64/24.1/cuda/12.3/compute-sanitizer
/panfs/panfs-courses.localdomain/cme213/software/nvidia-hpc-sdk/2024_24.1/Linux_x86_64/24.1/cuda/12.3/compute-sanitizer/compute-sanitizer
/panfs/panfs-courses.localdomain/cme213/software/nvidia-hpc-sdk/2024_24.1/Linux_x86_64/24.1/compilers/bin/compute-sanitizer

=== make clean && make all ===
rm -rf build *.nsys-rep *.ncu-rep
mkdir -p build
nvcc -O3 -arch=sm_75 --use_fast_math --generate-line-info -Xcompiler -Wall -std=c++17 -Isrc/common -c -o build/attn_main.o src/cli/attn_main.cu
nvcc -O3 -arch=sm_75 --use_fast_math --generate-line-info -Xcompiler -Wall -std=c++17 -Isrc/common -c -o build/dense.o src/kernels/dense.cu
nvcc -O3 -arch=sm_75 --use_fast_math --generate-line-info -Xcompiler -Wall -std=c++17 -Isrc/common -c -o build/dense_fp16.o src/kernels/dense_fp16.cu
nvcc -O3 -arch=sm_75 --use_fast_math --generate-line-info -Xcompiler -Wall -std=c++17 -Isrc/common -c -o build/windowed.o src/kernels/windowed.cu
nvcc -O3 -arch=sm_75 --use_fast_math --generate-line-info -Xcompiler -Wall -std=c++17 -Isrc/common -c -o build/windowed_fp16.o src/kernels/windowed_fp16.cu
nvcc -O3 -arch=sm_75 --use_fast_math --generate-line-info -Xcompiler -Wall -std=c++17 -Isrc/common -c -o build/blocksparse.o src/kernels/blocksparse.cu
nvcc -O3 -arch=sm_75 --use_fast_math --generate-line-info -Xcompiler -Wall -std=c++17 -Isrc/common -c -o build/blocksparse_fp16.o src/kernels/blocksparse_fp16.cu
nvcc -O3 -arch=sm_75 --use_fast_math --generate-line-info -Xcompiler -Wall -std=c++17 -Isrc/common -c -o build/dispatch.o src/common/dispatch.cu
nvcc -O3 -arch=sm_75 --use_fast_math --generate-line-info -Xcompiler -Wall -std=c++17 -Isrc/common -c -o build/sparse_formats.o src/common/sparse_formats.cu
nvcc -arch=sm_75 -o build/attn build/attn_main.o build/dense.o build/dense_fp16.o build/windowed.o build/windowed_fp16.o build/blocksparse.o build/blocksparse_fp16.o build/dispatch.o build/sparse_formats.o
nvcc -O3 -arch=sm_75 --use_fast_math --generate-line-info -Xcompiler -Wall -std=c++17 -Isrc/common -c -o build/test_dense.o tests/test_dense.cu
nvcc -arch=sm_75 -o build/test_dense build/test_dense.o build/dense.o build/dense_fp16.o build/windowed.o build/windowed_fp16.o build/blocksparse.o build/blocksparse_fp16.o build/dispatch.o build/sparse_formats.o
nvcc -O3 -arch=sm_75 --use_fast_math --generate-line-info -Xcompiler -Wall -std=c++17 -Isrc/common -c -o build/test_windowed.o tests/test_windowed.cu
nvcc -arch=sm_75 -o build/test_windowed build/test_windowed.o build/dense.o build/dense_fp16.o build/windowed.o build/windowed_fp16.o build/blocksparse.o build/blocksparse_fp16.o build/dispatch.o build/sparse_formats.o
nvcc -O3 -arch=sm_75 --use_fast_math --generate-line-info -Xcompiler -Wall -std=c++17 -Isrc/common -c -o build/test_blocksparse.o tests/test_blocksparse.cu
nvcc -arch=sm_75 -o build/test_blocksparse build/test_blocksparse.o build/dense.o build/dense_fp16.o build/windowed.o build/windowed_fp16.o build/blocksparse.o build/blocksparse_fp16.o build/dispatch.o build/sparse_formats.o

=== windowed_fp16 d=128 N=256 H=1 under sanitizer ===
========= Invalid __shared__ write of size 4 bytes
=========     at void <unnamed>::windowed_fp16_forward_kernel<(int)32, (int)32, (int)128>(const float *, const float *, const float *, float *, int, int, bool)+0xa0 in /home/cme213/esampi/project/src/kernels/windowed_fp16.cu:84
=========     by thread (17,0,0) in block (2,0,0)
=========     Address 0xeac4 is out of bounds
========= 
========= Invalid __shared__ write of size 4 bytes
=========     at void <unnamed>::windowed_fp16_forward_kernel<(int)32, (int)32, (int)128>(const float *, const float *, const float *, float *, int, int, bool)+0xa0 in /home/cme213/esampi/project/src/kernels/windowed_fp16.cu:84
=========     by thread (18,0,0) in block (2,0,0)
=========     Address 0xeac8 is out of bounds
========= 
========= Invalid __shared__ write of size 4 bytes
=========     at void <unnamed>::windowed_fp16_forward_kernel<(int)32, (int)32, (int)128>(const float *, const float *, const float *, float *, int, int, bool)+0xa0 in /home/cme213/esampi/project/src/kernels/windowed_fp16.cu:84
=========     by thread (19,0,0) in block (2,0,0)
=========     Address 0xeacc is out of bounds
========= 
========= Invalid __shared__ write of size 4 bytes
=========     at void <unnamed>::windowed_fp16_forward_kernel<(int)32, (int)32, (int)128>(const float *, const float *, const float *, float *, int, int, bool)+0xa0 in /home/cme213/esampi/project/src/kernels/windowed_fp16.cu:84
=========     by thread (20,0,0) in block (2,0,0)
=========     Address 0xead0 is out of bounds
========= 
========= Invalid __shared__ write of size 4 bytes
=========     at void <unnamed>::windowed_fp16_forward_kernel<(int)32, (int)32, (int)128>(const float *, const float *, const float *, float *, int, int, bool)+0xa0 in /home/cme213/esampi/project/src/kernels/windowed_fp16.cu:84
=========     by thread (21,0,0) in block (2,0,0)
=========     Address 0xead4 is out of bounds
========= 
========= Invalid __shared__ write of size 4 bytes
=========     at void <unnamed>::windowed_fp16_forward_kernel<(int)32, (int)32, (int)128>(const float *, const float *, const float *, float *, int, int, bool)+0xa0 in /home/cme213/esampi/project/src/kernels/windowed_fp16.cu:84
=========     by thread (22,0,0) in block (2,0,0)
=========     Address 0xead8 is out of bounds
========= 
========= Invalid __shared__ write of size 4 bytes
=========     at void <unnamed>::windowed_fp16_forward_kernel<(int)32, (int)32, (int)128>(const float *, const float *, const float *, float *, int, int, bool)+0xa0 in /home/cme213/esampi/project/src/kernels/windowed_fp16.cu:84
=========     by thread (23,0,0) in block (2,0,0)
=========     Address 0xeadc is out of bounds
========= 
========= Invalid __shared__ write of size 4 bytes
=========     at void <unnamed>::windowed_fp16_forward_kernel<(int)32, (int)32, (int)128>(const float *, const float *, const float *, float *, int, int, bool)+0xa0 in /home/cme213/esampi/project/src/kernels/windowed_fp16.cu:84
=========     by thread (24,0,0) in block (2,0,0)
=========     Address 0xeae0 is out of bounds
========= 
========= Invalid __shared__ write of size 4 bytes
=========     at void <unnamed>::windowed_fp16_forward_kernel<(int)32, (int)32, (int)128>(const float *, const float *, const float *, float *, int, int, bool)+0xa0 in /home/cme213/esampi/project/src/kernels/windowed_fp16.cu:84
=========     by thread (25,0,0) in block (2,0,0)
=========     Address 0xeae4 is out of bounds
========= 
========= Invalid __shared__ write of size 4 bytes
=========     at void <unnamed>::windowed_fp16_forward_kernel<(int)32, (int)32, (int)128>(const float *, const float *, const float *, float *, int, int, bool)+0xa0 in /home/cme213/esampi/project/src/kernels/windowed_fp16.cu:84
=========     by thread (26,0,0) in block (2,0,0)
=========     Address 0xeae8 is out of bounds
========= 
========= Invalid __shared__ write of size 4 bytes
=========     at void <unnamed>::windowed_fp16_forward_kernel<(int)32, (int)32, (int)128>(const float *, const float *, const float *, float *, int, int, bool)+0xa0 in /home/cme213/esampi/project/src/kernels/windowed_fp16.cu:84
=========     by thread (27,0,0) in block (2,0,0)
=========     Address 0xeaec is out of bounds
========= 
========= Invalid __shared__ write of size 4 bytes
=========     at void <unnamed>::windowed_fp16_forward_kernel<(int)32, (int)32, (int)128>(const float *, const float *, const float *, float *, int, int, bool)+0xa0 in /home/cme213/esampi/project/src/kernels/windowed_fp16.cu:84
=========     by thread (28,0,0) in block (2,0,0)
=========     Address 0xeaf0 is out of bounds
========= 
========= Invalid __shared__ write of size 4 bytes
=========     at void <unnamed>::windowed_fp16_forward_kernel<(int)32, (int)32, (int)128>(const float *, const float *, const float *, float *, int, int, bool)+0xa0 in /home/cme213/esampi/project/src/kernels/windowed_fp16.cu:84
=========     by thread (29,0,0) in block (2,0,0)
=========     Address 0xeaf4 is out of bounds
========= 
========= Invalid __shared__ write of size 4 bytes
=========     at void <unnamed>::windowed_fp16_forward_kernel<(int)32, (int)32, (int)128>(const float *, const float *, const float *, float *, int, int, bool)+0xa0 in /home/cme213/esampi/project/src/kernels/windowed_fp16.cu:84
=========     by thread (30,0,0) in block (2,0,0)
=========     Address 0xeaf8 is out of bounds
========= 
========= Invalid __shared__ write of size 4 bytes
=========     at void <unnamed>::windowed_fp16_forward_kernel<(int)32, (int)32, (int)128>(const float *, const float *, const float *, float *, int, int, bool)+0xa0 in /home/cme213/esampi/project/src/kernels/windowed_fp16.cu:84
=========     by thread (31,0,0) in block (2,0,0)
=========     Address 0xeafc is out of bounds
========= 
========= Invalid __shared__ write of size 4 bytes
=========     at void <unnamed>::windowed_fp16_forward_kernel<(int)32, (int)32, (int)128>(const float *, const float *, const float *, float *, int, int, bool)+0xa0 in /home/cme213/esampi/project/src/kernels/windowed_fp16.cu:84
=========     by thread (0,0,0) in block (3,0,0)
=========     Address 0xea80 is out of bounds
========= 
========= Invalid __shared__ write of size 4 bytes
=========     at void <unnamed>::windowed_fp16_forward_kernel<(int)32, (int)32, (int)128>(const float *, const float *, const float *, float *, int, int, bool)+0xa0 in /home/cme213/esampi/project/src/kernels/windowed_fp16.cu:84
=========     by thread (1,0,0) in block (3,0,0)
=========     Address 0xea84 is out of bounds
========= 
========= Invalid __shared__ write of size 4 bytes
=========     at void <unnamed>::windowed_fp16_forward_kernel<(int)32, (int)32, (int)128>(const float *, const float *, const float *, float *, int, int, bool)+0xa0 in /home/cme213/esampi/project/src/kernels/windowed_fp16.cu:84
=========     by thread (2,0,0) in block (3,0,0)
=========     Address 0xea88 is out of bounds
========= 
========= Invalid __shared__ write of size 4 bytes
=========     at void <unnamed>::windowed_fp16_forward_kernel<(int)32, (int)32, (int)128>(const float *, const float *, const float *, float *, int, int, bool)+0xa0 in /home/cme213/esampi/project/src/kernels/windowed_fp16.cu:84
=========     by thread (3,0,0) in block (3,0,0)
=========     Address 0xea8c is out of bounds
========= 
CUDA error cudaStreamSynchronize(streams[s]) at src/common/dispatch.cu:111: unspecified launch failure
========= Error: process didn't terminate successfully
========= Target application returned an error
========= ERROR SUMMARY: 257 errors
========= ERROR SUMMARY: 157 errors were not printed. Use --print-limit option to adjust the number of printed errors

=== blocksparse_fp16 d=128 N=256 H=1 under sanitizer ===
========= Invalid __shared__ write of size 4 bytes
=========     at void <unnamed>::blocksparse_fp16_forward_kernel<(int)32, (int)32, (int)128>(const float *, const float *, const float *, float *, const int *, const int *, int, bool)+0xa0 in /home/cme213/esampi/project/src/kernels/blocksparse_fp16.cu:75
=========     by thread (17,0,0) in block (2,0,0)
=========     Address 0xeac4 is out of bounds
========= 
========= Invalid __shared__ write of size 4 bytes
=========     at void <unnamed>::blocksparse_fp16_forward_kernel<(int)32, (int)32, (int)128>(const float *, const float *, const float *, float *, const int *, const int *, int, bool)+0xa0 in /home/cme213/esampi/project/src/kernels/blocksparse_fp16.cu:75
=========     by thread (18,0,0) in block (2,0,0)
=========     Address 0xeac8 is out of bounds
========= 
========= Invalid __shared__ write of size 4 bytes
=========     at void <unnamed>::blocksparse_fp16_forward_kernel<(int)32, (int)32, (int)128>(const float *, const float *, const float *, float *, const int *, const int *, int, bool)+0xa0 in /home/cme213/esampi/project/src/kernels/blocksparse_fp16.cu:75
=========     by thread (19,0,0) in block (2,0,0)
=========     Address 0xeacc is out of bounds
========= 
========= Invalid __shared__ write of size 4 bytes
=========     at void <unnamed>::blocksparse_fp16_forward_kernel<(int)32, (int)32, (int)128>(const float *, const float *, const float *, float *, const int *, const int *, int, bool)+0xa0 in /home/cme213/esampi/project/src/kernels/blocksparse_fp16.cu:75
=========     by thread (20,0,0) in block (2,0,0)
=========     Address 0xead0 is out of bounds
========= 
========= Invalid __shared__ write of size 4 bytes
=========     at void <unnamed>::blocksparse_fp16_forward_kernel<(int)32, (int)32, (int)128>(const float *, const float *, const float *, float *, const int *, const int *, int, bool)+0xa0 in /home/cme213/esampi/project/src/kernels/blocksparse_fp16.cu:75
=========     by thread (21,0,0) in block (2,0,0)
=========     Address 0xead4 is out of bounds
========= 
========= Invalid __shared__ write of size 4 bytes
=========     at void <unnamed>::blocksparse_fp16_forward_kernel<(int)32, (int)32, (int)128>(const float *, const float *, const float *, float *, const int *, const int *, int, bool)+0xa0 in /home/cme213/esampi/project/src/kernels/blocksparse_fp16.cu:75
=========     by thread (22,0,0) in block (2,0,0)
=========     Address 0xead8 is out of bounds
========= 
========= Invalid __shared__ write of size 4 bytes
=========     at void <unnamed>::blocksparse_fp16_forward_kernel<(int)32, (int)32, (int)128>(const float *, const float *, const float *, float *, const int *, const int *, int, bool)+0xa0 in /home/cme213/esampi/project/src/kernels/blocksparse_fp16.cu:75
=========     by thread (23,0,0) in block (2,0,0)
=========     Address 0xeadc is out of bounds
========= 
========= Invalid __shared__ write of size 4 bytes
=========     at void <unnamed>::blocksparse_fp16_forward_kernel<(int)32, (int)32, (int)128>(const float *, const float *, const float *, float *, const int *, const int *, int, bool)+0xa0 in /home/cme213/esampi/project/src/kernels/blocksparse_fp16.cu:75
=========     by thread (24,0,0) in block (2,0,0)
=========     Address 0xeae0 is out of bounds
========= 
========= Invalid __shared__ write of size 4 bytes
=========     at void <unnamed>::blocksparse_fp16_forward_kernel<(int)32, (int)32, (int)128>(const float *, const float *, const float *, float *, const int *, const int *, int, bool)+0xa0 in /home/cme213/esampi/project/src/kernels/blocksparse_fp16.cu:75
=========     by thread (25,0,0) in block (2,0,0)
=========     Address 0xeae4 is out of bounds
========= 
========= Invalid __shared__ write of size 4 bytes
=========     at void <unnamed>::blocksparse_fp16_forward_kernel<(int)32, (int)32, (int)128>(const float *, const float *, const float *, float *, const int *, const int *, int, bool)+0xa0 in /home/cme213/esampi/project/src/kernels/blocksparse_fp16.cu:75
=========     by thread (26,0,0) in block (2,0,0)
=========     Address 0xeae8 is out of bounds
========= 
========= Invalid __shared__ write of size 4 bytes
=========     at void <unnamed>::blocksparse_fp16_forward_kernel<(int)32, (int)32, (int)128>(const float *, const float *, const float *, float *, const int *, const int *, int, bool)+0xa0 in /home/cme213/esampi/project/src/kernels/blocksparse_fp16.cu:75
=========     by thread (27,0,0) in block (2,0,0)
=========     Address 0xeaec is out of bounds
========= 
========= Invalid __shared__ write of size 4 bytes
=========     at void <unnamed>::blocksparse_fp16_forward_kernel<(int)32, (int)32, (int)128>(const float *, const float *, const float *, float *, const int *, const int *, int, bool)+0xa0 in /home/cme213/esampi/project/src/kernels/blocksparse_fp16.cu:75
=========     by thread (28,0,0) in block (2,0,0)
=========     Address 0xeaf0 is out of bounds
========= 
========= Invalid __shared__ write of size 4 bytes
=========     at void <unnamed>::blocksparse_fp16_forward_kernel<(int)32, (int)32, (int)128>(const float *, const float *, const float *, float *, const int *, const int *, int, bool)+0xa0 in /home/cme213/esampi/project/src/kernels/blocksparse_fp16.cu:75
=========     by thread (29,0,0) in block (2,0,0)
=========     Address 0xeaf4 is out of bounds
========= 
========= Invalid __shared__ write of size 4 bytes
=========     at void <unnamed>::blocksparse_fp16_forward_kernel<(int)32, (int)32, (int)128>(const float *, const float *, const float *, float *, const int *, const int *, int, bool)+0xa0 in /home/cme213/esampi/project/src/kernels/blocksparse_fp16.cu:75
=========     by thread (30,0,0) in block (2,0,0)
=========     Address 0xeaf8 is out of bounds
========= 
========= Invalid __shared__ write of size 4 bytes
=========     at void <unnamed>::blocksparse_fp16_forward_kernel<(int)32, (int)32, (int)128>(const float *, const float *, const float *, float *, const int *, const int *, int, bool)+0xa0 in /home/cme213/esampi/project/src/kernels/blocksparse_fp16.cu:75
=========     by thread (31,0,0) in block (2,0,0)
=========     Address 0xeafc is out of bounds
========= 
========= Invalid __shared__ write of size 4 bytes
=========     at void <unnamed>::blocksparse_fp16_forward_kernel<(int)32, (int)32, (int)128>(const float *, const float *, const float *, float *, const int *, const int *, int, bool)+0xa0 in /home/cme213/esampi/project/src/kernels/blocksparse_fp16.cu:75
=========     by thread (0,0,0) in block (3,0,0)
=========     Address 0xea80 is out of bounds
========= 
========= Invalid __shared__ write of size 4 bytes
=========     at void <unnamed>::blocksparse_fp16_forward_kernel<(int)32, (int)32, (int)128>(const float *, const float *, const float *, float *, const int *, const int *, int, bool)+0xa0 in /home/cme213/esampi/project/src/kernels/blocksparse_fp16.cu:75
=========     by thread (1,0,0) in block (3,0,0)
=========     Address 0xea84 is out of bounds
========= 
========= Invalid __shared__ write of size 4 bytes
=========     at void <unnamed>::blocksparse_fp16_forward_kernel<(int)32, (int)32, (int)128>(const float *, const float *, const float *, float *, const int *, const int *, int, bool)+0xa0 in /home/cme213/esampi/project/src/kernels/blocksparse_fp16.cu:75
=========     by thread (2,0,0) in block (3,0,0)
=========     Address 0xea88 is out of bounds
========= 
========= Invalid __shared__ write of size 4 bytes
=========     at void <unnamed>::blocksparse_fp16_forward_kernel<(int)32, (int)32, (int)128>(const float *, const float *, const float *, float *, const int *, const int *, int, bool)+0xa0 in /home/cme213/esampi/project/src/kernels/blocksparse_fp16.cu:75
=========     by thread (3,0,0) in block (3,0,0)
=========     Address 0xea8c is out of bounds
========= 
CUDA error cudaStreamSynchronize(streams[s]) at src/common/dispatch.cu:111: unspecified launch failure
========= Error: process didn't terminate successfully
========= Target application returned an error
========= ERROR SUMMARY: 257 errors
========= ERROR SUMMARY: 157 errors were not printed. Use --print-limit option to adjust the number of printed errors

=== Done ===
